<html>
<body>
<pre>
<h1>µVision Build Log</h1>
<h2>Tool Versions:</h2>
IDE-Version: ¦ÌVision V5.38.0.0
Copyright (C) 2022 ARM Ltd and ARM Germany GmbH. All rights reserved.
License Information: zh zh, zh, LIC=GE7DL-03LGY-PH189-41PQQ-H5EIS-MZTYE
 
Tool Versions:
Toolchain:       MDK-ARM Professional  Version: 5.38.0.0
Toolchain Path:  C:\Program Files\Keil_v5\ARM\ARMCC\Bin
C Compiler:      Armcc.exe V5.06 update 7 (build 960)
Assembler:       Armasm.exe V5.06 update 7 (build 960)
Linker/Locator:  ArmLink.exe V5.06 update 7 (build 960)
Library Manager: ArmAr.exe V5.06 update 7 (build 960)
Hex Converter:   FromElf.exe V5.06 update 7 (build 960)
CPU DLL:         SARMCM3.DLL V5.38.0.0
Dialog DLL:      DCM.DLL V1.17.5.0
Target DLL:      CMSIS_AGDI.dll V1.33.15.0
Dialog DLL:      TCM.DLL V1.56.4.0
 
<h2>Project:</h2>
C:\Users\23110\Desktop\competition\competition\2023competition\ÏîÄ¿Ô´Âë\f for stm32\USER\F.uvprojx
Project File Date:  08/02/2023

<h2>Output:</h2>
*** Using Compiler 'V5.06 update 7 (build 960)', folder: 'C:\Program Files\Keil_v5\ARM\ARMCC\Bin'
Rebuild target 'F'
assembling startup_stm32f10x_md.s...
compiling core_cm3.c...
compiling stm32f10x_can.c...
compiling stm32f10x_adc.c...
compiling stm32f10x_dma.c...
compiling stm32f10x_bkp.c...
compiling misc.c...
compiling stm32f10x_dac.c...
compiling stm32f10x_dbgmcu.c...
compiling stm32f10x_exti.c...
compiling stm32f10x_it.c...
compiling stm32f10x_crc.c...
compiling system_stm32f10x.c...
compiling stm32f10x_cec.c...
compiling main.c...
compiling stm32f10x_flash.c...
compiling stm32f10x_fsmc.c...
compiling stm32f10x_i2c.c...
compiling stm32f10x_gpio.c...
compiling stm32f10x_iwdg.c...
compiling stm32f10x_rcc.c...
compiling stm32f10x_pwr.c...
compiling stm32f10x_wwdg.c...
compiling stm32f10x_usart.c...
compiling delay.c...
compiling stm32f10x_rtc.c...
compiling stm32f10x_sdio.c...
compiling stm32f10x_spi.c...
compiling usart.c...
compiling inv_mpu_dmp_motion_driver.c...
compiling sys.c...
compiling stm32f10x_tim.c...
compiling IIC.c...
compiling MPU6050.c...
compiling pid.c...
..\HARDWARE\pid.c(37): warning:  #177-D: variable "PwmKI"  was declared but never referenced
      static float Bias, Integral_Bias, Last_Bias, PwmKI;
..\HARDWARE\pid.c(47): warning:  #177-D: variable "PwmKI"  was declared but never referenced
      static float Bias, Integral_Bias, Last_Bias, PwmKI;
..\HARDWARE\pid.c: 2 warnings, 0 errors
compiling control.c...
compiling vofa.c...
..\HARDWARE\vofa.h(10): warning:  #1295-D: Deprecated declaration JustFloat_Send - give arg types
  void JustFloat_Send();
..\HARDWARE\vofa.h(11): warning:  #1295-D: Deprecated declaration RawData_Send - give arg types
  void RawData_Send();
..\HARDWARE\vofa.h(14): warning:  #1-D: last line of file ends without a newline
  #endif
..\HARDWARE\vofa.c(11): warning:  #181-D: argument is incompatible with corresponding format string conversion
      printf("%s,%f,%f,%f,%f\n", *chr, a, b, c, d);
..\HARDWARE\vofa.c(56): warning:  #1-D: last line of file ends without a newline
  // }
..\HARDWARE\vofa.c: 5 warnings, 0 errors
compiling motor.c...
compiling encoder.c...
compiling timer.c...
compiling OLED.c...
compiling inv_mpu.c...
linking...
Program Size: Code=10536 RO-data=592 RW-data=240 ZI-data=1240  
FromELF: creating hex file...
"..\OBJ\F.axf" - 0 Error(s), 7 Warning(s).

<h2>Software Packages used:</h2>

Package Vendor: Keil
                https://www.keil.com/pack/Keil.STM32F1xx_DFP.2.4.1.pack
                Keil.STM32F1xx_DFP.2.4.1
                STMicroelectronics STM32F1 Series Device Support, Drivers and Examples

<h2>Collection of Component include folders:</h2>
  C:/Users/23110/AppData/Local/Arm/Packs/Keil/STM32F1xx_DFP/2.4.1/Device/Include

<h2>Collection of Component Files used:</h2>
Build Time Elapsed:  00:00:03
</pre>
</body>
</html>
